// Jest Snapshot v1, https://goo.gl/fbAQLP

exports[`HelpIcon snapshot matches 1`] = `
<View
  accessibilityState={
    {
      "busy": undefined,
      "checked": undefined,
      "disabled": undefined,
      "expanded": undefined,
      "selected": undefined,
    }
  }
  accessibilityValue={
    {
      "max": undefined,
      "min": undefined,
      "now": undefined,
      "text": undefined,
    }
  }
  accessible={true}
  collapsable={false}
  focusable={true}
  onClick={[Function]}
  onResponderGrant={[Function]}
  onResponderMove={[Function]}
  onResponderRelease={[Function]}
  onResponderTerminate={[Function]}
  onResponderTerminationRequest={[Function]}
  onStartShouldSetResponder={[Function]}
  style={
    {
      "opacity": 1,
    }
  }
>
  <FontAwesome5Icon
    name="question-circle"
    size={30}
    solid={true}
    style={
      [
        {
          "fontSize": 22,
        },
        {
          "color": "#0094C6",
        },
        {
          "fontSize": 30,
        },
      ]
    }
  />
</View>
`;
